// Jest Snapshot v1, https://goo.gl/fbAQLP

exports[`defaultErrorHandler returns internal server error 1`] = `
Object {
  "body": "Internal server error",
  "status": 500,
}
`;

exports[`defaultResponseHandler returns success 1`] = `
Object {
  "ok": true,
  "value": Object {
    "body": "",
    "status": 200,
  },
}
`;
